<?xml version="1.0" encoding="UTF-8"?>
<testsuites>
  <testsuite name="CLI Arguments" tests="41" assertions="58" errors="0" failures="0" skipped="0" time="0.343614">
    <testsuite name="QuickPOS\Tests\ContactFormDataProviderTest" file="C:\MAMP\htdocs\quickpos-v2\quickpos-landing-page\tests\ContactFormDataProviderTest.php" tests="7" assertions="13" errors="0" failures="0" skipped="0" time="0.171359">
      <testsuite name="QuickPOS\Tests\ContactFormDataProviderTest::testFormValidationWithMultipleInputs" tests="6" assertions="12" errors="0" failures="0" skipped="0" time="0.099250">
        <testcase name="testFormValidationWithMultipleInputs with data set &quot;empty name&quot;" file="C:\MAMP\htdocs\quickpos-v2\quickpos-landing-page\tests\ContactFormDataProviderTest.php" line="21" class="QuickPOS\Tests\ContactFormDataProviderTest" classname="QuickPOS.Tests.ContactFormDataProviderTest" assertions="2" time="0.026098"/>
        <testcase name="testFormValidationWithMultipleInputs with data set &quot;empty email&quot;" file="C:\MAMP\htdocs\quickpos-v2\quickpos-landing-page\tests\ContactFormDataProviderTest.php" line="21" class="QuickPOS\Tests\ContactFormDataProviderTest" classname="QuickPOS.Tests.ContactFormDataProviderTest" assertions="2" time="0.019978"/>
        <testcase name="testFormValidationWithMultipleInputs with data set &quot;empty message&quot;" file="C:\MAMP\htdocs\quickpos-v2\quickpos-landing-page\tests\ContactFormDataProviderTest.php" line="21" class="QuickPOS\Tests\ContactFormDataProviderTest" classname="QuickPOS.Tests.ContactFormDataProviderTest" assertions="2" time="0.010432"/>
        <testcase name="testFormValidationWithMultipleInputs with data set &quot;all empty&quot;" file="C:\MAMP\htdocs\quickpos-v2\quickpos-landing-page\tests\ContactFormDataProviderTest.php" line="21" class="QuickPOS\Tests\ContactFormDataProviderTest" classname="QuickPOS.Tests.ContactFormDataProviderTest" assertions="2" time="0.021956"/>
        <testcase name="testFormValidationWithMultipleInputs with data set &quot;invalid email format&quot;" file="C:\MAMP\htdocs\quickpos-v2\quickpos-landing-page\tests\ContactFormDataProviderTest.php" line="21" class="QuickPOS\Tests\ContactFormDataProviderTest" classname="QuickPOS.Tests.ContactFormDataProviderTest" assertions="2" time="0.010578"/>
        <testcase name="testFormValidationWithMultipleInputs with data set &quot;email missing dot&quot;" file="C:\MAMP\htdocs\quickpos-v2\quickpos-landing-page\tests\ContactFormDataProviderTest.php" line="21" class="QuickPOS\Tests\ContactFormDataProviderTest" classname="QuickPOS.Tests.ContactFormDataProviderTest" assertions="2" time="0.010208"/>
      </testsuite>
      <testcase name="testValidFormSubmission" file="C:\MAMP\htdocs\quickpos-v2\quickpos-landing-page\tests\ContactFormDataProviderTest.php" line="92" class="QuickPOS\Tests\ContactFormDataProviderTest" classname="QuickPOS.Tests.ContactFormDataProviderTest" assertions="1" time="0.072109"/>
    </testsuite>
    <testsuite name="QuickPOS\Tests\ContactFormTest" file="C:\MAMP\htdocs\quickpos-v2\quickpos-landing-page\tests\ContactFormTest.php" tests="3" assertions="12" errors="0" failures="0" skipped="0" time="0.095878">
      <testcase name="testEmptyFieldsShowValidationErrors" file="C:\MAMP\htdocs\quickpos-v2\quickpos-landing-page\tests\ContactFormTest.php" line="47" class="QuickPOS\Tests\ContactFormTest" classname="QuickPOS.Tests.ContactFormTest" assertions="4" time="0.056661"/>
      <testcase name="testInvalidEmailShowsValidationError" file="C:\MAMP\htdocs\quickpos-v2\quickpos-landing-page\tests\ContactFormTest.php" line="64" class="QuickPOS\Tests\ContactFormTest" classname="QuickPOS.Tests.ContactFormTest" assertions="2" time="0.017259"/>
      <testcase name="testValidFormSubmissionSavesToDatabaseAndRedirects" file="C:\MAMP\htdocs\quickpos-v2\quickpos-landing-page\tests\ContactFormTest.php" line="79" class="QuickPOS\Tests\ContactFormTest" classname="QuickPOS.Tests.ContactFormTest" assertions="6" time="0.021958"/>
    </testsuite>
    <testsuite name="QuickPOS\Tests\EmailValidatorTest" file="C:\MAMP\htdocs\quickpos-v2\quickpos-landing-page\tests\EmailValidatorTest.php" tests="15" assertions="15" errors="0" failures="0" skipped="0" time="0.022767">
      <testsuite name="QuickPOS\Tests\EmailValidatorTest::testValidEmailsAreAccepted" tests="5" assertions="5" errors="0" failures="0" skipped="0" time="0.011375">
        <testcase name="testValidEmailsAreAccepted with data set &quot;simple email&quot;" file="C:\MAMP\htdocs\quickpos-v2\quickpos-landing-page\tests\EmailValidatorTest.php" line="14" class="QuickPOS\Tests\EmailValidatorTest" classname="QuickPOS.Tests.EmailValidatorTest" assertions="1" time="0.003148"/>
        <testcase name="testValidEmailsAreAccepted with data set &quot;with plus sign&quot;" file="C:\MAMP\htdocs\quickpos-v2\quickpos-landing-page\tests\EmailValidatorTest.php" line="14" class="QuickPOS\Tests\EmailValidatorTest" classname="QuickPOS.Tests.EmailValidatorTest" assertions="1" time="0.002078"/>
        <testcase name="testValidEmailsAreAccepted with data set &quot;with dots&quot;" file="C:\MAMP\htdocs\quickpos-v2\quickpos-landing-page\tests\EmailValidatorTest.php" line="14" class="QuickPOS\Tests\EmailValidatorTest" classname="QuickPOS.Tests.EmailValidatorTest" assertions="1" time="0.002288"/>
        <testcase name="testValidEmailsAreAccepted with data set &quot;with numbers&quot;" file="C:\MAMP\htdocs\quickpos-v2\quickpos-landing-page\tests\EmailValidatorTest.php" line="14" class="QuickPOS\Tests\EmailValidatorTest" classname="QuickPOS.Tests.EmailValidatorTest" assertions="1" time="0.002220"/>
        <testcase name="testValidEmailsAreAccepted with data set &quot;single letter&quot;" file="C:\MAMP\htdocs\quickpos-v2\quickpos-landing-page\tests\EmailValidatorTest.php" line="14" class="QuickPOS\Tests\EmailValidatorTest" classname="QuickPOS.Tests.EmailValidatorTest" assertions="1" time="0.001640"/>
      </testsuite>
      <testsuite name="QuickPOS\Tests\EmailValidatorTest::testInvalidEmailsAreRejected" tests="9" assertions="9" errors="0" failures="0" skipped="0" time="0.010535">
        <testcase name="testInvalidEmailsAreRejected with data set &quot;no @ symbol&quot;" file="C:\MAMP\htdocs\quickpos-v2\quickpos-landing-page\tests\EmailValidatorTest.php" line="21" class="QuickPOS\Tests\EmailValidatorTest" classname="QuickPOS.Tests.EmailValidatorTest" assertions="1" time="0.001415"/>
        <testcase name="testInvalidEmailsAreRejected with data set &quot;missing domain&quot;" file="C:\MAMP\htdocs\quickpos-v2\quickpos-landing-page\tests\EmailValidatorTest.php" line="21" class="QuickPOS\Tests\EmailValidatorTest" classname="QuickPOS.Tests.EmailValidatorTest" assertions="1" time="0.001327"/>
        <testcase name="testInvalidEmailsAreRejected with data set &quot;missing local part&quot;" file="C:\MAMP\htdocs\quickpos-v2\quickpos-landing-page\tests\EmailValidatorTest.php" line="21" class="QuickPOS\Tests\EmailValidatorTest" classname="QuickPOS.Tests.EmailValidatorTest" assertions="1" time="0.001213"/>
        <testcase name="testInvalidEmailsAreRejected with data set &quot;just text&quot;" file="C:\MAMP\htdocs\quickpos-v2\quickpos-landing-page\tests\EmailValidatorTest.php" line="21" class="QuickPOS\Tests\EmailValidatorTest" classname="QuickPOS.Tests.EmailValidatorTest" assertions="1" time="0.001162"/>
        <testcase name="testInvalidEmailsAreRejected with data set &quot;space in email&quot;" file="C:\MAMP\htdocs\quickpos-v2\quickpos-landing-page\tests\EmailValidatorTest.php" line="21" class="QuickPOS\Tests\EmailValidatorTest" classname="QuickPOS.Tests.EmailValidatorTest" assertions="1" time="0.001214"/>
        <testcase name="testInvalidEmailsAreRejected with data set &quot;double dots&quot;" file="C:\MAMP\htdocs\quickpos-v2\quickpos-landing-page\tests\EmailValidatorTest.php" line="21" class="QuickPOS\Tests\EmailValidatorTest" classname="QuickPOS.Tests.EmailValidatorTest" assertions="1" time="0.001177"/>
        <testcase name="testInvalidEmailsAreRejected with data set &quot;no dot in domain&quot;" file="C:\MAMP\htdocs\quickpos-v2\quickpos-landing-page\tests\EmailValidatorTest.php" line="21" class="QuickPOS\Tests\EmailValidatorTest" classname="QuickPOS.Tests.EmailValidatorTest" assertions="1" time="0.001019"/>
        <testcase name="testInvalidEmailsAreRejected with data set &quot;special chars only&quot;" file="C:\MAMP\htdocs\quickpos-v2\quickpos-landing-page\tests\EmailValidatorTest.php" line="21" class="QuickPOS\Tests\EmailValidatorTest" classname="QuickPOS.Tests.EmailValidatorTest" assertions="1" time="0.000832"/>
        <testcase name="testInvalidEmailsAreRejected with data set &quot;empty string&quot;" file="C:\MAMP\htdocs\quickpos-v2\quickpos-landing-page\tests\EmailValidatorTest.php" line="21" class="QuickPOS\Tests\EmailValidatorTest" classname="QuickPOS.Tests.EmailValidatorTest" assertions="1" time="0.001177"/>
      </testsuite>
      <testcase name="testNullIsRejected" file="C:\MAMP\htdocs\quickpos-v2\quickpos-landing-page\tests\EmailValidatorTest.php" line="53" class="QuickPOS\Tests\EmailValidatorTest" classname="QuickPOS.Tests.EmailValidatorTest" assertions="1" time="0.000856"/>
    </testsuite>
    <testsuite name="QuickPOS\Tests\PageLoadTest" file="C:\MAMP\htdocs\quickpos-v2\quickpos-landing-page\tests\PageLoadTest.php" tests="2" assertions="4" errors="0" failures="0" skipped="0" time="0.025363">
      <testcase name="testIndexPageLoadsWithoutErrors" file="C:\MAMP\htdocs\quickpos-v2\quickpos-landing-page\tests\PageLoadTest.php" line="20" class="QuickPOS\Tests\PageLoadTest" classname="QuickPOS.Tests.PageLoadTest" assertions="2" time="0.020022"/>
      <testcase name="testThankYouPageLoadsWithoutErrors" file="C:\MAMP\htdocs\quickpos-v2\quickpos-landing-page\tests\PageLoadTest.php" line="38" class="QuickPOS\Tests\PageLoadTest" classname="QuickPOS.Tests.PageLoadTest" assertions="2" time="0.005341"/>
    </testsuite>
    <testsuite name="QuickPOS\Tests\ValidationRulesTest" file="C:\MAMP\htdocs\quickpos-v2\quickpos-landing-page\tests\ValidationRulesTest.php" tests="14" assertions="14" errors="0" failures="0" skipped="0" time="0.028248">
      <testsuite name="QuickPOS\Tests\ValidationRulesTest::testNameValidation" tests="7" assertions="7" errors="0" failures="0" skipped="0" time="0.013859">
        <testcase name="testNameValidation with data set &quot;normal name&quot;" file="C:\MAMP\htdocs\quickpos-v2\quickpos-landing-page\tests\ValidationRulesTest.php" line="14" class="QuickPOS\Tests\ValidationRulesTest" classname="QuickPOS.Tests.ValidationRulesTest" assertions="1" time="0.002091"/>
        <testcase name="testNameValidation with data set &quot;single character&quot;" file="C:\MAMP\htdocs\quickpos-v2\quickpos-landing-page\tests\ValidationRulesTest.php" line="14" class="QuickPOS\Tests\ValidationRulesTest" classname="QuickPOS.Tests.ValidationRulesTest" assertions="1" time="0.002151"/>
        <testcase name="testNameValidation with data set &quot;with spaces&quot;" file="C:\MAMP\htdocs\quickpos-v2\quickpos-landing-page\tests\ValidationRulesTest.php" line="14" class="QuickPOS\Tests\ValidationRulesTest" classname="QuickPOS.Tests.ValidationRulesTest" assertions="1" time="0.002214"/>
        <testcase name="testNameValidation with data set &quot;empty string&quot;" file="C:\MAMP\htdocs\quickpos-v2\quickpos-landing-page\tests\ValidationRulesTest.php" line="14" class="QuickPOS\Tests\ValidationRulesTest" classname="QuickPOS.Tests.ValidationRulesTest" assertions="1" time="0.002060"/>
        <testcase name="testNameValidation with data set &quot;only spaces&quot;" file="C:\MAMP\htdocs\quickpos-v2\quickpos-landing-page\tests\ValidationRulesTest.php" line="14" class="QuickPOS\Tests\ValidationRulesTest" classname="QuickPOS.Tests.ValidationRulesTest" assertions="1" time="0.001730"/>
        <testcase name="testNameValidation with data set &quot;null value&quot;" file="C:\MAMP\htdocs\quickpos-v2\quickpos-landing-page\tests\ValidationRulesTest.php" line="14" class="QuickPOS\Tests\ValidationRulesTest" classname="QuickPOS.Tests.ValidationRulesTest" assertions="1" time="0.001849"/>
        <testcase name="testNameValidation with data set &quot;very long name&quot;" file="C:\MAMP\htdocs\quickpos-v2\quickpos-landing-page\tests\ValidationRulesTest.php" line="14" class="QuickPOS\Tests\ValidationRulesTest" classname="QuickPOS.Tests.ValidationRulesTest" assertions="1" time="0.001763"/>
      </testsuite>
      <testsuite name="QuickPOS\Tests\ValidationRulesTest::testMessageValidation" tests="6" assertions="6" errors="0" failures="0" skipped="0" time="0.012935">
        <testcase name="testMessageValidation with data set &quot;normal message&quot;" file="C:\MAMP\htdocs\quickpos-v2\quickpos-landing-page\tests\ValidationRulesTest.php" line="23" class="QuickPOS\Tests\ValidationRulesTest" classname="QuickPOS.Tests.ValidationRulesTest" assertions="1" time="0.001673"/>
        <testcase name="testMessageValidation with data set &quot;short message&quot;" file="C:\MAMP\htdocs\quickpos-v2\quickpos-landing-page\tests\ValidationRulesTest.php" line="23" class="QuickPOS\Tests\ValidationRulesTest" classname="QuickPOS.Tests.ValidationRulesTest" assertions="1" time="0.001678"/>
        <testcase name="testMessageValidation with data set &quot;empty message&quot;" file="C:\MAMP\htdocs\quickpos-v2\quickpos-landing-page\tests\ValidationRulesTest.php" line="23" class="QuickPOS\Tests\ValidationRulesTest" classname="QuickPOS.Tests.ValidationRulesTest" assertions="1" time="0.003257"/>
        <testcase name="testMessageValidation with data set &quot;only spaces&quot;" file="C:\MAMP\htdocs\quickpos-v2\quickpos-landing-page\tests\ValidationRulesTest.php" line="23" class="QuickPOS\Tests\ValidationRulesTest" classname="QuickPOS.Tests.ValidationRulesTest" assertions="1" time="0.002889"/>
        <testcase name="testMessageValidation with data set &quot;null message&quot;" file="C:\MAMP\htdocs\quickpos-v2\quickpos-landing-page\tests\ValidationRulesTest.php" line="23" class="QuickPOS\Tests\ValidationRulesTest" classname="QuickPOS.Tests.ValidationRulesTest" assertions="1" time="0.001723"/>
        <testcase name="testMessageValidation with data set &quot;very long message&quot;" file="C:\MAMP\htdocs\quickpos-v2\quickpos-landing-page\tests\ValidationRulesTest.php" line="23" class="QuickPOS\Tests\ValidationRulesTest" classname="QuickPOS.Tests.ValidationRulesTest" assertions="1" time="0.001715"/>
      </testsuite>
      <testcase name="testHtmlSpecialCharsEscaping" file="C:\MAMP\htdocs\quickpos-v2\quickpos-landing-page\tests\ValidationRulesTest.php" line="54" class="QuickPOS\Tests\ValidationRulesTest" classname="QuickPOS.Tests.ValidationRulesTest" assertions="1" time="0.001454"/>
    </testsuite>
  </testsuite>
</testsuites>
